###############################################################################
#
# IAR ELF Linker V9.10.1.308/W64 for ARM                  30/Mar/2021  19:27:57
# Copyright 2007-2021 IAR Systems AB.
#
#    Output file  =  D:\Embedded Systems Labs\HW 1\Debug\Exe\HW 1.out
#    Map file     =  D:\Embedded Systems Labs\HW 1\Debug\List\HW 1.map
#    Command line =
#        -f "D:\Embedded Systems Labs\HW 1\Debug\Exe\HW 1.out.rsp"
#        ("D:\Embedded Systems Labs\HW 1\Debug\Obj\exceptions.o" "D:\Embedded
#        Systems Labs\HW 1\Debug\Obj\main.o" "D:\Embedded Systems Labs\HW
#        1\Debug\Obj\startup_sam3x.o" "D:\Embedded Systems Labs\HW
#        1\Debug\Obj\system_sam3x.o" --no_out_extension -o "D:\Embedded Systems
#        Labs\HW 1\Debug\Exe\HW 1.out" --redirect _Printf=_PrintfFullNoMb
#        --redirect _Scanf=_ScanfFullNoMb --map "D:\Embedded Systems Labs\HW
#        1\Debug\List\HW 1.map" --config "D:\Program
#        Files\arm\config\linker\Microchip\sam3x8\sram.icf" --semihosting
#        --entry __iar_program_start --vfe --text_out locale)
#
###############################################################################

*******************************************************************************
*** RUNTIME MODEL ATTRIBUTES
***

CppFlavor       = *
__SystemLibrary = DLib
__dlib_version  = 6


*******************************************************************************
*** HEAP SELECTION
***

The basic heap was selected because no calls to memory allocation
functions were found in the application outside of system library
functions, and there are calls to deallocation functions in the
application.


*******************************************************************************
*** PLACEMENT SUMMARY
***

"A0":  place at address 0x2007'0000 { ro section .intvec };
"P1":  place in [from 0x2007'0000 to 0x2008'7fff] { ro };
define block CSTACK with size = 4K, alignment = 8 { };
define block HEAP with size = 8K, alignment = 8 { };
"P2":  place in [from 0x2007'0000 to 0x2008'7fff] {
          rw, block CSTACK, block HEAP };
initialize by copy with packing = copy, complex ranges { rw };

  Section            Kind         Address    Size  Object
  -------            ----         -------    ----  ------
"A0":                                        0xf4
  .intvec                     0x2007'0000    0xf4  <Block>
    .intvec          const    0x2007'0000    0xf4  startup_sam3x.o [1]
                            - 0x2007'00f4    0xf4

"P1-P2", part 1 of 2:                       0x324
  .text              ro code  0x2007'00f4   0x154  main.o [1]
  .text              ro code  0x2007'0248    0xb8  system_sam3x.o [1]
  .text              ro code  0x2007'0300    0x34  startup_sam3x.o [1]
  .text              ro code  0x2007'0334    0x1c  cstartup_M.o [3]
  .text              ro code  0x2007'0350    0x1e  cmain.o [3]
  .text              ro code  0x2007'036e    0x2a  copy_init3.o [3]
  .text              ro code  0x2007'0398    0x28  data_init.o [3]
  .text              ro code  0x2007'03c0     0x4  exit.o [2]
  .text              ro code  0x2007'03c4     0xa  cexit.o [3]
  .text              ro code  0x2007'03ce     0x2  exceptions.o [1]
  .text              ro code  0x2007'03d0    0x14  exit.o [4]
  .iar.init_table    const    0x2007'03e4    0x14  - Linker created -
  .rodata            const    0x2007'03f8     0x0  copy_init3.o [3]
  P1-P2 s0                    0x2007'03f8    0x10  <Init block>
    .data            inited   0x2007'03f8     0x4  system_sam3x.o [1]
    .bss             inited   0x2007'03fc     0x4  main.o [1]
    .bss             inited   0x2007'0400     0x4  main.o [1]
    .bss             inited   0x2007'0404     0x1  main.o [1]
  Initializer bytes  const    0x2007'0408    0x10  <for P1-P2 s0>
                            - 0x2007'0418   0x324

"P1-P2", part 2 of 2:                      0x1000
  CSTACK                      0x2007'0418  0x1000  <Block>
    CSTACK           uninit   0x2007'0418  0x1000  <Block tail>
                            - 0x2007'1418  0x1000

Unused ranges:

         From           To      Size
         ----           --      ----
  0x2007'1418  0x2008'7fff  0x1'6be8


*******************************************************************************
*** INIT TABLE
***

          Address      Size
          -------      ----
Copy (__iar_copy_init3)
    1 source range, total size 0x10 (123% of destination):
          0x2007'0408  0x10
    1 destination range, total size 0xd:
          0x2007'03f8   0xd



*******************************************************************************
*** MODULE SUMMARY
***

    Module           ro code  ro data  rw data
    ------           -------  -------  -------
command line/config:
    ------------------------------------------
    Total:

D:\Embedded Systems Labs\HW 1\Debug\Obj: [1]
    exceptions.o           2
    main.o               340        9        9
    startup_sam3x.o       52      244
    system_sam3x.o       184        4        4
    ------------------------------------------
    Total:               578      257       13

dl7M_tln.a: [2]
    exit.o                 4
    ------------------------------------------
    Total:                 4

rt7M_tl.a: [3]
    cexit.o               10
    cmain.o               30
    copy_init3.o          42
    cstartup_M.o          28
    data_init.o           40
    ------------------------------------------
    Total:               150

shb_l.a: [4]
    exit.o                20
    ------------------------------------------
    Total:                20

    Linker created                 23    4'096
----------------------------------------------
    Grand Total:         752      280    4'109


*******************************************************************************
*** ENTRY LIST
***

Entry                       Address  Size  Type      Object
-----                       -------  ----  ----      ------
.iar.init_table$$Base   0x2007'03e4         --   Gb  - Linker created -
.iar.init_table$$Limit  0x2007'03f8         --   Gb  - Linker created -
.intvec$$Base           0x2007'0000         --   Gb  - Linker created -
.intvec$$Limit          0x2007'00f4         --   Gb  - Linker created -
?main                   0x2007'0351        Code  Gb  cmain.o [3]
ADC_Handler             0x2007'03cf   0x2  Code  Wk  exceptions.o [1]
BusFault_Handler        0x2007'03cf   0x2  Code  Wk  exceptions.o [1]
CAN0_Handler            0x2007'03cf   0x2  Code  Wk  exceptions.o [1]
CAN1_Handler            0x2007'03cf   0x2  Code  Wk  exceptions.o [1]
CSTACK$$Base            0x2007'0418         --   Gb  - Linker created -
CSTACK$$Limit           0x2007'1418         --   Gb  - Linker created -
DACC_Handler            0x2007'03cf   0x2  Code  Wk  exceptions.o [1]
DMAC_Handler            0x2007'03cf   0x2  Code  Wk  exceptions.o [1]
DebugMon_Handler        0x2007'03cf   0x2  Code  Wk  exceptions.o [1]
Dummy_Handler           0x2007'03cf   0x2  Code  Gb  exceptions.o [1]
EFC0_Handler            0x2007'03cf   0x2  Code  Wk  exceptions.o [1]
EFC1_Handler            0x2007'03cf   0x2  Code  Wk  exceptions.o [1]
HSMCI_Handler           0x2007'03cf   0x2  Code  Wk  exceptions.o [1]
HardFault_Handler       0x2007'03cf   0x2  Code  Wk  exceptions.o [1]
MemManage_Handler       0x2007'03cf   0x2  Code  Wk  exceptions.o [1]
NMI_Handler             0x2007'03cf   0x2  Code  Wk  exceptions.o [1]
NVIC_SetPriority        0x2007'00f5  0x24  Code  Lc  main.o [1]
PIOA_Handler            0x2007'03cf   0x2  Code  Wk  exceptions.o [1]
PIOB_Handler            0x2007'03cf   0x2  Code  Wk  exceptions.o [1]
PIOC_Handler            0x2007'03cf   0x2  Code  Wk  exceptions.o [1]
PIOD_Handler            0x2007'01f9  0x10  Code  Gb  main.o [1]
PMC_Handler             0x2007'03cf   0x2  Code  Wk  exceptions.o [1]
PWM_Handler             0x2007'03cf   0x2  Code  Wk  exceptions.o [1]
PendSV_Handler          0x2007'03cf   0x2  Code  Wk  exceptions.o [1]
RSTC_Handler            0x2007'03cf   0x2  Code  Wk  exceptions.o [1]
RTC_Handler             0x2007'03cf   0x2  Code  Wk  exceptions.o [1]
RTT_Handler             0x2007'03cf   0x2  Code  Wk  exceptions.o [1]
Region$$Table$$Base     0x2007'03e4         --   Gb  - Linker created -
Region$$Table$$Limit    0x2007'03f8         --   Gb  - Linker created -
Reset_Handler           0x2007'032d   0x8  Code  Gb  startup_sam3x.o [1]
SPI0_Handler            0x2007'03cf   0x2  Code  Wk  exceptions.o [1]
SSC_Handler             0x2007'03cf   0x2  Code  Wk  exceptions.o [1]
SUPC_Handler            0x2007'03cf   0x2  Code  Wk  exceptions.o [1]
SVC_Handler             0x2007'03cf   0x2  Code  Wk  exceptions.o [1]
SysTick_Config          0x2007'0119  0x30  Code  Lc  main.o [1]
SysTick_Handler         0x2007'0183   0x8  Code  Gb  main.o [1]
SysTick_Setup           0x2007'018b   0xa  Code  Gb  main.o [1]
SystemCoreClock         0x2007'03f8   0x4  Data  Gb  system_sam3x.o [1]
SystemInit              0x2007'0249  0x86  Code  Gb  system_sam3x.o [1]
TC0_Handler             0x2007'03cf   0x2  Code  Wk  exceptions.o [1]
TC1_Handler             0x2007'03cf   0x2  Code  Wk  exceptions.o [1]
TC2_Handler             0x2007'03cf   0x2  Code  Wk  exceptions.o [1]
TC3_Handler             0x2007'03cf   0x2  Code  Wk  exceptions.o [1]
TC4_Handler             0x2007'03cf   0x2  Code  Wk  exceptions.o [1]
TC5_Handler             0x2007'03cf   0x2  Code  Wk  exceptions.o [1]
TRNG_Handler            0x2007'03cf   0x2  Code  Wk  exceptions.o [1]
TWI0_Handler            0x2007'03cf   0x2  Code  Wk  exceptions.o [1]
TWI1_Handler            0x2007'03cf   0x2  Code  Wk  exceptions.o [1]
UART_Handler            0x2007'03cf   0x2  Code  Wk  exceptions.o [1]
UOTGHS_Handler          0x2007'03cf   0x2  Code  Wk  exceptions.o [1]
USART0_Handler          0x2007'03cf   0x2  Code  Wk  exceptions.o [1]
USART1_Handler          0x2007'03cf   0x2  Code  Wk  exceptions.o [1]
USART2_Handler          0x2007'03cf   0x2  Code  Wk  exceptions.o [1]
UsageFault_Handler      0x2007'03cf   0x2  Code  Wk  exceptions.o [1]
WDT_Handler             0x2007'03cf   0x2  Code  Wk  exceptions.o [1]
__cmain                 0x2007'0351        Code  Gb  cmain.o [3]
__exit                  0x2007'03d1  0x14  Code  Gb  exit.o [4]
__iar_copy_init3        0x2007'036f  0x2a  Code  Gb  copy_init3.o [3]
__iar_data_init3        0x2007'0399  0x28  Code  Gb  data_init.o [3]
__iar_program_start     0x2007'0335        Code  Gb  cstartup_M.o [3]
__low_level_init        0x2007'0301  0x24  Code  Gb  startup_sam3x.o [1]
__vector_table          0x2007'0000  0xf4  Data  Gb  startup_sam3x.o [1]
_call_main              0x2007'035d        Code  Gb  cmain.o [3]
_exit                   0x2007'03c5        Code  Gb  cexit.o [3]
blinkLed                0x2007'0195  0x64  Code  Gb  main.o [1]
exit                    0x2007'03c1   0x4  Code  Gb  exit.o [2]
main                    0x2007'0149   0xc  Code  Gb  main.o [1]
readLed                 0x2007'0404   0x1  Data  Gb  main.o [1]
setLed                  0x2007'0155  0x2e  Code  Gb  main.o [1]
time                    0x2007'03fc   0x4  Data  Gb  main.o [1]
toggle_Blink            0x2007'0400   0x4  Data  Gb  main.o [1]


[1] = D:\Embedded Systems Labs\HW 1\Debug\Obj
[2] = dl7M_tln.a
[3] = rt7M_tl.a
[4] = shb_l.a

    752 bytes of readonly  code memory
    280 bytes of readonly  data memory
  4'109 bytes of readwrite data memory

Errors: none
Warnings: none
